---
source: crates/aiken-lang/src/parser/definition/test.rs
description: "Code:\n\ntest foo(x via fuzz.any_int) {\n    True\n}\n"
---
Test(
    Function {
        arguments: [
            ArgVia {
                arg: UntypedArg {
                    by: ByName(
                        Named {
                            name: "x",
                            label: "x",
                            location: 9..10,
                        },
                    ),
                    location: 9..10,
                    annotation: None,
                    doc: None,
                    is_validator_param: false,
                },
                via: FieldAccess {
                    location: 15..27,
                    label: "any_int",
                    container: Var {
                        location: 15..19,
                        name: "fuzz",
                    },
                },
            },
        ],
        body: Var {
            location: 35..39,
            name: "True",
        },
        doc: None,
        location: 0..28,
        name: "foo",
        public: false,
        return_annotation: None,
        return_type: (),
        end_position: 40,
        on_test_failure: FailImmediately,
    },
)
