---
source: crates/aiken-lang/src/parser/definition/function.rs
description: "Code:\n\npub fn run() {}\n"
---
Fn(
    Function {
        arguments: [],
        body: Trace {
            kind: Todo,
            location: 0..15,
            then: ErrorTerm {
                location: 0..15,
            },
            label: String {
                location: 0..15,
                value: "aiken::todo",
            },
            arguments: [],
        },
        doc: None,
        location: 0..12,
        name: "run",
        public: true,
        return_annotation: None,
        return_type: (),
        end_position: 14,
        on_test_failure: FailImmediately,
    },
)
