---
source: crates/aiken-lang/src/parser/definition/validator.rs
description: "Code:\n\nvalidator {\n  fn foo(datum, rdmr, ctx) {\n    True\n  }\n}\n"
---
Validator(
    Validator {
        doc: None,
        end_position: 54,
        fun: Function {
            arguments: [
                UntypedArg {
                    by: ByName(
                        Named {
                            name: "datum",
                            label: "datum",
                            location: 21..26,
                        },
                    ),
                    location: 21..26,
                    annotation: None,
                    doc: None,
                    is_validator_param: false,
                },
                UntypedArg {
                    by: ByName(
                        Named {
                            name: "rdmr",
                            label: "rdmr",
                            location: 28..32,
                        },
                    ),
                    location: 28..32,
                    annotation: None,
                    doc: None,
                    is_validator_param: false,
                },
                UntypedArg {
                    by: ByName(
                        Named {
                            name: "ctx",
                            label: "ctx",
                            location: 34..37,
                        },
                    ),
                    location: 34..37,
                    annotation: None,
                    doc: None,
                    is_validator_param: false,
                },
            ],
            body: Var {
                location: 45..49,
                name: "True",
            },
            doc: None,
            location: 14..38,
            name: "foo",
            public: false,
            return_annotation: None,
            return_type: (),
            end_position: 52,
            on_test_failure: FailImmediately,
        },
        other_fun: None,
        location: 0..9,
        params: [],
    },
)
