---
source: crates/aiken-lang/src/parser/expr/when/clause.rs
description: "Code:\n\nwhen val is {\n  Bar1{..} -> todo\n  Bar2{..} -> todo\n}\n"
---
When {
    location: 0..53,
    subject: Var {
        location: 5..8,
        name: "val",
    },
    clauses: [
        UntypedClause {
            location: 16..32,
            patterns: [
                Constructor {
                    is_record: true,
                    location: 16..24,
                    name: "Bar1",
                    arguments: [],
                    module: None,
                    constructor: (),
                    spread_location: Some(
                        21..23,
                    ),
                    tipo: (),
                },
            ],
            then: Trace {
                kind: Todo,
                location: 28..32,
                then: ErrorTerm {
                    location: 28..32,
                },
                label: String {
                    location: 28..32,
                    value: "aiken::todo",
                },
                arguments: [],
            },
        },
        UntypedClause {
            location: 35..51,
            patterns: [
                Constructor {
                    is_record: true,
                    location: 35..43,
                    name: "Bar2",
                    arguments: [],
                    module: None,
                    constructor: (),
                    spread_location: Some(
                        40..42,
                    ),
                    tipo: (),
                },
            ],
            then: Trace {
                kind: Todo,
                location: 47..51,
                then: ErrorTerm {
                    location: 47..51,
                },
                label: String {
                    location: 47..51,
                    value: "aiken::todo",
                },
                arguments: [],
            },
        },
    ],
}
