---
source: crates/aiken-project/src/blueprint/validator.rs
description: "Code:\n\npub type Foo {\n    foo: Int\n}\n\nvalidator annotated_data {\n    spend(datum: Option<Data<Foo>>, redeemer: Data, output_reference: Data, transpose: Data) {\n        True\n    }\n}\n"
---
{
  "title": "test_module.annotated_data.spend",
  "datum": {
    "title": "datum",
    "schema": {
      "$ref": "#/definitions/test_module~1Foo"
    }
  },
  "redeemer": {
    "title": "redeemer",
    "schema": {
      "$ref": "#/definitions/Data"
    }
  },
  "compiledCode": "<redacted>",
  "hash": "<redacted>",
  "definitions": {
    "Data": {
      "title": "Data",
      "description": "Any Plutus data."
    },
    "Int": {
      "dataType": "integer"
    },
    "test_module/Foo": {
      "title": "Foo",
      "anyOf": [
        {
          "title": "Foo",
          "dataType": "constructor",
          "index": 0,
          "fields": [
            {
              "title": "foo",
              "$ref": "#/definitions/Int"
            }
          ]
        }
      ]
    }
  }
}
