---
source: crates/aiken-project/src/blueprint/validator.rs
description: "Code:\n\nvalidator thing {\n  mint(redeemer: Data, policy_id: ByteArray, transaction: Data) {\n    True\n  }\n}\n// "
---
{
  "title": "test_module.thing.mint",
  "redeemer": {
    "title": "redeemer",
    "schema": {
      "$ref": "#/definitions/Data"
    }
  },
  "compiledCode": "<redacted>",
  "hash": "<redacted>",
  "definitions": {
    "Data": {
      "title": "Data",
      "description": "Any Plutus data."
    }
  }
}
