---
source: crates/aiken-project/src/blueprint/validator.rs
description: "Code:\n\npub opaque type Dict<key, value> {\n    inner: List<(ByteArray, value)>\n}\n\npub type UUID { UUID }\n\nvalidator opaque_singleton_variants {\n  spend(datum: Option<Data>, redeemer: Dict<UUID, Int>, output_reference: Data, transaction: Data) {\n    True\n  }\n}\n"
---
Schema {
    error: Error {
        context: IllegalOpaqueType,
        breadcrumbs: [
            App {
                public: true,
                contains_opaque: true,
                module: "test_module",
                name: "Dict",
                args: [
                    Var {
                        tipo: RefCell {
                            value: Link {
                                tipo: App {
                                    public: true,
                                    contains_opaque: false,
                                    module: "test_module",
                                    name: "UUID",
                                    args: [],
                                    alias: None,
                                },
                            },
                        },
                        alias: None,
                    },
                    Var {
                        tipo: RefCell {
                            value: Link {
                                tipo: App {
                                    public: true,
                                    contains_opaque: false,
                                    module: "",
                                    name: "Int",
                                    args: [],
                                    alias: None,
                                },
                            },
                        },
                        alias: None,
                    },
                ],
                alias: None,
            },
        ],
    },
    location: 165..190,
    source_code: NamedSource {
        name: "",
        source: "<redacted>",
        language: None,
    ,
}
