---
source: crates/aiken-project/src/blueprint/validator.rs
description: "Code:\n\npub opaque type Rational {\n  numerator: Int,\n  denominator: Int,\n}\n\nvalidator opaque_singleton_multi_variants {\n  spend(datum: Option<Data>, redeemer: Rational, oref: Data, transaction: Data) {\n    True\n  }\n}\n"
---
Schema {
    error: Error {
        context: IllegalOpaqueType,
        breadcrumbs: [
            App {
                public: true,
                contains_opaque: true,
                module: "test_module",
                name: "Rational",
                args: [],
                alias: None,
            },
        ],
    },
    location: 141..159,
    source_code: NamedSource {
        name: "",
        source: "<redacted>",
        language: None,
    ,
}
