---
source: crates/aiken-project/src/blueprint/validator.rs
description: "Code:\n\nvalidator {\n  fn tuples(datum: (Int, ByteArray), redeemer: (Int, Int, Int), ctx: Void) {\n    True\n  }\n}\n"
---
{
  "title": "test_module.tuples",
  "datum": {
    "title": "datum",
    "schema": {
      "$ref": "#/definitions/Tuple$Int_ByteArray"
    }
  },
  "redeemer": {
    "title": "redeemer",
    "schema": {
      "$ref": "#/definitions/Tuple$Int_Int_Int"
    }
  },
  "compiledCode": "58ac010000323232323232322223232323253330084a22930a99804a491856616c696461746f722072657475726e65642066616c73650013656323232323253330103012002149854cc03524011972656465656d65723a2028496e742c20496e742c20496e74290016375a602000260200046eb4c038004c038008dd698060009bac00432375c60120046eb4c01c004c8cdd81805000980518058009bac0035734ae7155ceaab9e5573eae855d11",
  "hash": "57605cf52e1d8a0d787d798282021853265d8d4c5dd99460b55e125d",
  "definitions": {
    "ByteArray": {
      "dataType": "bytes"
    },
    "Int": {
      "dataType": "integer"
    },
    "Tuple$Int_ByteArray": {
      "title": "Tuple",
      "dataType": "list",
      "items": [
        {
          "$ref": "#/definitions/Int"
        },
        {
          "$ref": "#/definitions/ByteArray"
        }
      ]
    },
    "Tuple$Int_Int_Int": {
      "title": "Tuple",
      "dataType": "list",
      "items": [
        {
          "$ref": "#/definitions/Int"
        },
        {
          "$ref": "#/definitions/Int"
        },
        {
          "$ref": "#/definitions/Int"
        }
      ]
    }
  }
}
