---
source: crates/aiken-lang/src/parser/expr/fail_todo_trace.rs
description: "Code:\n\nfail @\"foo\"\n"
---
Trace {
    kind: Error,
    location: 0..11,
    then: ErrorTerm {
        location: 0..11,
    },
    label: String {
        location: 5..11,
        value: "foo",
    },
    arguments: [],
}
