---
source: crates/aiken-lang/src/parser.rs
description: "Code:\n\nuse aiken\n\n// some comment\n// more comments"
---
Module {
    name: "",
    docs: [],
    type_info: (),
    definitions: [
        Use(
            Use {
                as_name: None,
                location: 0..9,
                module: [
                    "aiken",
                ],
                package: (),
                unqualified: [],
            },
        ),
    ],
    lines: LineNumbers {
        line_starts: [
            0,
            10,
            11,
            27,
        ],
        length: 43,
        last: Some(
            27,
        ),
    },
    kind: Validator,
}
